# PHYSICAL DEVICE EXECUTION TIMING LOG - SM_A507FN
# Worker Run ID: 37109229729 | Dispatch Commit: 25c56a44b9fb14a91e9c24c4650756112be02a6a
# Started: 2026-10-03T09:21:49.393172+00:00

[2026-10-03T09:25:09.098350+00:00] CASE=out_sm_a507fn_portrait_monk_bald_neg_tool_hair_rose_gold_i75.png SERIAL=R58MA581ZZA MODEL=SM-A507FN RUN_ID=37109229729 LATENCY_MS=5874 BYTES=248103 IN_SHA=00AE77069C02C883... OUT_SHA=7B207756E1C089B1... STATUS=SUCCESS
[2026-10-03T09:25:18.828299+00:00] CASE=out_sm_a507fn_portrait_0_curly_tool_hair_rose_gold_i0.png SERIAL=R58MA581ZZA MODEL=SM-A507FN RUN_ID=37109229729 LATENCY_MS=5848 BYTES=1348859 IN_SHA=BA84225BCC3C5F20... OUT_SHA=79BC2549F0A5DDD0... STATUS=SUCCESS
[2026-10-03T09:25:31.966390+00:00] CASE=out_sm_a507fn_portrait_0_curly_tool_hair_rose_gold_i25.png SERIAL=R58MA581ZZA MODEL=SM-A507FN RUN_ID=37109229729 LATENCY_MS=7930 BYTES=1365185 IN_SHA=BA84225BCC3C5F20... OUT_SHA=8D1B49E08E93A834... STATUS=SUCCESS
[2026-10-03T09:25:46.636296+00:00] CASE=out_sm_a507fn_portrait_0_curly_tool_hair_rose_gold_i50.png SERIAL=R58MA581ZZA MODEL=SM-A507FN RUN_ID=37109229729 LATENCY_MS=10253 BYTES=1370456 IN_SHA=BA84225BCC3C5F20... OUT_SHA=7E3447643E7E3955... STATUS=SUCCESS
[2026-10-03T09:26:00.529644+00:00] CASE=out_sm_a507fn_portrait_0_curly_tool_hair_rose_gold_i75.png SERIAL=R58MA581ZZA MODEL=SM-A507FN RUN_ID=37109229729 LATENCY_MS=9536 BYTES=1373540 IN_SHA=BA84225BCC3C5F20... OUT_SHA=C6815BAF7C225CFA... STATUS=SUCCESS
[2026-10-03T09:26:14.354225+00:00] CASE=out_sm_a507fn_portrait_0_curly_tool_hair_rose_gold_i100.png SERIAL=R58MA581ZZA MODEL=SM-A507FN RUN_ID=37109229729 LATENCY_MS=9462 BYTES=1376419 IN_SHA=BA84225BCC3C5F20... OUT_SHA=D80523CB182F7F94... STATUS=SUCCESS
[2026-10-03T09:26:28.241483+00:00] CASE=out_sm_a507fn_portrait_0_curly_tool_hair_platinum_i75.png SERIAL=R58MA581ZZA MODEL=SM-A507FN RUN_ID=37109229729 LATENCY_MS=9548 BYTES=1375188 IN_SHA=BA84225BCC3C5F20... OUT_SHA=5392298530DFAD4C... STATUS=SUCCESS
[2026-10-03T09:26:42.109548+00:00] CASE=out_sm_a507fn_portrait_0_curly_tool_hair_smokey_silver_i75.png SERIAL=R58MA581ZZA MODEL=SM-A507FN RUN_ID=37109229729 LATENCY_MS=9506 BYTES=1371407 IN_SHA=BA84225BCC3C5F20... OUT_SHA=315CA93414E1BFA0... STATUS=SUCCESS
[2026-10-03T09:26:56.404220+00:00] CASE=out_sm_a507fn_portrait_0_curly_tool_hair_burgundy_i75.png SERIAL=R58MA581ZZA MODEL=SM-A507FN RUN_ID=37109229729 LATENCY_MS=9192 BYTES=1375079 IN_SHA=BA84225BCC3C5F20... OUT_SHA=2FB1A73818317111... STATUS=SUCCESS
[2026-10-03T09:27:09.786261+00:00] CASE=out_sm_a507fn_portrait_0_curly_tool_hair_pastel_pink_i75.png SERIAL=R58MA581ZZA MODEL=SM-A507FN RUN_ID=37109229729 LATENCY_MS=9449 BYTES=1374110 IN_SHA=BA84225BCC3C5F20... OUT_SHA=E68464C752986E88... STATUS=SUCCESS
[2026-10-03T09:27:23.082467+00:00] CASE=out_sm_a507fn_portrait_0_curly_tool_hair_ash_brown_i75.png SERIAL=R58MA581ZZA MODEL=SM-A507FN RUN_ID=37109229729 LATENCY_MS=8867 BYTES=1369096 IN_SHA=BA84225BCC3C5F20... OUT_SHA=042E52030135264E... STATUS=SUCCESS
[2026-10-03T09:27:37.577947+00:00] CASE=out_sm_a507fn_portrait_0_curly_tool_hair_caramel_i75.png SERIAL=R58MA581ZZA MODEL=SM-A507FN RUN_ID=37109229729 LATENCY_MS=10180 BYTES=1376013 IN_SHA=BA84225BCC3C5F20... OUT_SHA=B6E8837576164FF9... STATUS=SUCCESS
[2026-10-03T09:27:51.406436+00:00] CASE=out_sm_a507fn_portrait_0_curly_tool_hair_navy_blue_i75.png SERIAL=R58MA581ZZA MODEL=SM-A507FN RUN_ID=37109229729 LATENCY_MS=9395 BYTES=1375066 IN_SHA=BA84225BCC3C5F20... OUT_SHA=DF24F20B8659A3E2... STATUS=SUCCESS
[2026-10-03T09:28:05.260299+00:00] CASE=out_sm_a507fn_portrait_0_curly_tool_hair_natural_black_i75.png SERIAL=R58MA581ZZA MODEL=SM-A507FN RUN_ID=37109229729 LATENCY_MS=9421 BYTES=1367337 IN_SHA=BA84225BCC3C5F20... OUT_SHA=9F338D5A268B2536... STATUS=SUCCESS
[2026-10-03T09:28:19.134794+00:00] CASE=out_sm_a507fn_portrait_0_curly_tool_hair_5002_brick_red_i75.png SERIAL=R58MA581ZZA MODEL=SM-A507FN RUN_ID=37109229729 LATENCY_MS=9374 BYTES=1375845 IN_SHA=BA84225BCC3C5F20... OUT_SHA=C164EC5275D663EE... STATUS=SUCCESS
[2026-10-03T09:28:31.633494+00:00] CASE=out_sm_a507fn_portrait_1_male_wavy_tool_hair_rose_gold_i75.png SERIAL=R58MA581ZZA MODEL=SM-A507FN RUN_ID=37109229729 LATENCY_MS=8073 BYTES=657155 IN_SHA=3281C617C3DC60D4... OUT_SHA=3D6C262527465397... STATUS=SUCCESS
[2026-10-03T09:28:43.950068+00:00] CASE=out_sm_a507fn_portrait_model1_blonde_tool_hair_rose_gold_i75.png SERIAL=R58MA581ZZA MODEL=SM-A507FN RUN_ID=37109229729 LATENCY_MS=8522 BYTES=543037 IN_SHA=39A3EE45B4E69272... OUT_SHA=DA691DF6142A6E60... STATUS=SUCCESS
[2026-10-03T09:28:57.146501+00:00] CASE=out_sm_a507fn_portrait_model2_long_straight_tool_hair_rose_gold_i75.png SERIAL=R58MA581ZZA MODEL=SM-A507FN RUN_ID=37109229729 LATENCY_MS=9375 BYTES=1187425 IN_SHA=E7ECFE98F65246C3... OUT_SHA=D6B9DB5EB4F7F082... STATUS=SUCCESS
[2026-10-03T09:29:09.992876+00:00] CASE=out_sm_a507fn_portrait_model3_wavy_curls_tool_hair_rose_gold_i75.png SERIAL=R58MA581ZZA MODEL=SM-A507FN RUN_ID=37109229729 LATENCY_MS=8483 BYTES=696459 IN_SHA=7575F0C219050714... OUT_SHA=D9F0DB325351552D... STATUS=SUCCESS
[2026-10-03T09:29:22.649022+00:00] CASE=out_sm_a507fn_portrait_model4_messy_curls_tool_hair_rose_gold_i75.png SERIAL=R58MA581ZZA MODEL=SM-A507FN RUN_ID=37109229729 LATENCY_MS=8666 BYTES=535529 IN_SHA=44BAE086710379BA... OUT_SHA=436DC05D3D23C1E7... STATUS=SUCCESS
[2026-10-03T09:29:35.116365+00:00] CASE=out_sm_a507fn_portrait_model6_fringe_bangs_tool_hair_rose_gold_i75.png SERIAL=R58MA581ZZA MODEL=SM-A507FN RUN_ID=37109229729 LATENCY_MS=8776 BYTES=595699 IN_SHA=4D691FD76C520BEC... OUT_SHA=A8B529A05F61D265... STATUS=SUCCESS
