# PHYSICAL DEVICE EXECUTION TIMING LOG - SM_A075F
# Worker Run ID: 37109229729 | Dispatch Commit: 25c56a44b9fb14a91e9c24c4650756112be02a6a
# Started: 2026-10-03T09:21:49.393084+00:00

[2026-10-03T09:21:56.857418+00:00] CASE=out_sm_a075f_portrait_monk_bald_neg_tool_hair_rose_gold_i75.png SERIAL=R83L80E1LXX MODEL=SM-A075F RUN_ID=37109229729 LATENCY_MS=5008 BYTES=248103 IN_SHA=00AE77069C02C883... OUT_SHA=22F76361DBF75323... STATUS=SUCCESS
[2026-10-03T09:22:03.822314+00:00] CASE=out_sm_a075f_portrait_0_curly_tool_hair_rose_gold_i0.png SERIAL=R83L80E1LXX MODEL=SM-A075F RUN_ID=37109229729 LATENCY_MS=4201 BYTES=1348859 IN_SHA=BA84225BCC3C5F20... OUT_SHA=B0B3EC2BA8B51361... STATUS=SUCCESS
[2026-10-03T09:22:13.075087+00:00] CASE=out_sm_a075f_portrait_0_curly_tool_hair_rose_gold_i25.png SERIAL=R83L80E1LXX MODEL=SM-A075F RUN_ID=37109229729 LATENCY_MS=6090 BYTES=1365150 IN_SHA=BA84225BCC3C5F20... OUT_SHA=A6AAAA3FD9B8243B... STATUS=SUCCESS
[2026-10-03T09:22:22.245301+00:00] CASE=out_sm_a075f_portrait_0_curly_tool_hair_rose_gold_i50.png SERIAL=R83L80E1LXX MODEL=SM-A075F RUN_ID=37109229729 LATENCY_MS=6027 BYTES=1370495 IN_SHA=BA84225BCC3C5F20... OUT_SHA=EF410EEB77DC07D0... STATUS=SUCCESS
[2026-10-03T09:22:36.142688+00:00] CASE=out_sm_a075f_portrait_0_curly_tool_hair_rose_gold_i75.png SERIAL=R83L80E1LXX MODEL=SM-A075F RUN_ID=37109229729 LATENCY_MS=8407 BYTES=1373487 IN_SHA=BA84225BCC3C5F20... OUT_SHA=5A2F2C46C273C728... STATUS=SUCCESS
[2026-10-03T09:22:45.765389+00:00] CASE=out_sm_a075f_portrait_0_curly_tool_hair_rose_gold_i100.png SERIAL=R83L80E1LXX MODEL=SM-A075F RUN_ID=37109229729 LATENCY_MS=5424 BYTES=1376352 IN_SHA=BA84225BCC3C5F20... OUT_SHA=2E4F683652A7C567... STATUS=SUCCESS
[2026-10-03T09:22:55.155082+00:00] CASE=out_sm_a075f_portrait_0_curly_tool_hair_platinum_i75.png SERIAL=R83L80E1LXX MODEL=SM-A075F RUN_ID=37109229729 LATENCY_MS=5724 BYTES=1375144 IN_SHA=BA84225BCC3C5F20... OUT_SHA=4E0BEC3933C1E6A2... STATUS=SUCCESS
[2026-10-03T09:23:05.612385+00:00] CASE=out_sm_a075f_portrait_0_curly_tool_hair_smokey_silver_i75.png SERIAL=R83L80E1LXX MODEL=SM-A075F RUN_ID=37109229729 LATENCY_MS=6868 BYTES=1371350 IN_SHA=BA84225BCC3C5F20... OUT_SHA=CB5A566E7DE86F80... STATUS=SUCCESS
[2026-10-03T09:23:16.825482+00:00] CASE=out_sm_a075f_portrait_0_curly_tool_hair_burgundy_i75.png SERIAL=R83L80E1LXX MODEL=SM-A075F RUN_ID=37109229729 LATENCY_MS=6196 BYTES=1375078 IN_SHA=BA84225BCC3C5F20... OUT_SHA=C68E886DCC37CD4D... STATUS=SUCCESS
[2026-10-03T09:23:26.775419+00:00] CASE=out_sm_a075f_portrait_0_curly_tool_hair_pastel_pink_i75.png SERIAL=R83L80E1LXX MODEL=SM-A075F RUN_ID=37109229729 LATENCY_MS=6155 BYTES=1374079 IN_SHA=BA84225BCC3C5F20... OUT_SHA=FB8BB7279162D226... STATUS=SUCCESS
[2026-10-03T09:23:35.876746+00:00] CASE=out_sm_a075f_portrait_0_curly_tool_hair_ash_brown_i75.png SERIAL=R83L80E1LXX MODEL=SM-A075F RUN_ID=37109229729 LATENCY_MS=5906 BYTES=1369075 IN_SHA=BA84225BCC3C5F20... OUT_SHA=D1D25709AD0EF1EE... STATUS=SUCCESS
[2026-10-03T09:23:45.111061+00:00] CASE=out_sm_a075f_portrait_0_curly_tool_hair_caramel_i75.png SERIAL=R83L80E1LXX MODEL=SM-A075F RUN_ID=37109229729 LATENCY_MS=6099 BYTES=1375955 IN_SHA=BA84225BCC3C5F20... OUT_SHA=8B96943A7ED5338D... STATUS=SUCCESS
[2026-10-03T09:23:54.031837+00:00] CASE=out_sm_a075f_portrait_0_curly_tool_hair_navy_blue_i75.png SERIAL=R83L80E1LXX MODEL=SM-A075F RUN_ID=37109229729 LATENCY_MS=6088 BYTES=1375050 IN_SHA=BA84225BCC3C5F20... OUT_SHA=F8270F186BAEBBD7... STATUS=SUCCESS
[2026-10-03T09:24:02.574780+00:00] CASE=out_sm_a075f_portrait_0_curly_tool_hair_natural_black_i75.png SERIAL=R83L80E1LXX MODEL=SM-A075F RUN_ID=37109229729 LATENCY_MS=5393 BYTES=1367337 IN_SHA=BA84225BCC3C5F20... OUT_SHA=47FD6485DC62335D... STATUS=SUCCESS
[2026-10-03T09:24:12.142140+00:00] CASE=out_sm_a075f_portrait_0_curly_tool_hair_5002_brick_red_i75.png SERIAL=R83L80E1LXX MODEL=SM-A075F RUN_ID=37109229729 LATENCY_MS=6049 BYTES=1375794 IN_SHA=BA84225BCC3C5F20... OUT_SHA=E8D003414102446E... STATUS=SUCCESS
[2026-10-03T09:24:20.108857+00:00] CASE=out_sm_a075f_portrait_1_male_wavy_tool_hair_rose_gold_i75.png SERIAL=R83L80E1LXX MODEL=SM-A075F RUN_ID=37109229729 LATENCY_MS=4906 BYTES=657188 IN_SHA=3281C617C3DC60D4... OUT_SHA=28C6546EDBB7C134... STATUS=SUCCESS
[2026-10-03T09:24:27.597584+00:00] CASE=out_sm_a075f_portrait_model1_blonde_tool_hair_rose_gold_i75.png SERIAL=R83L80E1LXX MODEL=SM-A075F RUN_ID=37109229729 LATENCY_MS=5033 BYTES=542999 IN_SHA=39A3EE45B4E69272... OUT_SHA=17BB547076CAA701... STATUS=SUCCESS
[2026-10-03T09:24:35.362296+00:00] CASE=out_sm_a075f_portrait_model2_long_straight_tool_hair_rose_gold_i75.png SERIAL=R83L80E1LXX MODEL=SM-A075F RUN_ID=37109229729 LATENCY_MS=5210 BYTES=1187427 IN_SHA=E7ECFE98F65246C3... OUT_SHA=18DE15470C1B5694... STATUS=SUCCESS
[2026-10-03T09:24:43.253291+00:00] CASE=out_sm_a075f_portrait_model3_wavy_curls_tool_hair_rose_gold_i75.png SERIAL=R83L80E1LXX MODEL=SM-A075F RUN_ID=37109229729 LATENCY_MS=5103 BYTES=696559 IN_SHA=7575F0C219050714... OUT_SHA=68579803570B3931... STATUS=SUCCESS
[2026-10-03T09:24:51.018837+00:00] CASE=out_sm_a075f_portrait_model4_messy_curls_tool_hair_rose_gold_i75.png SERIAL=R83L80E1LXX MODEL=SM-A075F RUN_ID=37109229729 LATENCY_MS=5024 BYTES=536381 IN_SHA=44BAE086710379BA... OUT_SHA=E89F6B1D38038B90... STATUS=SUCCESS
[2026-10-03T09:24:59.038162+00:00] CASE=out_sm_a075f_portrait_model6_fringe_bangs_tool_hair_rose_gold_i75.png SERIAL=R83L80E1LXX MODEL=SM-A075F RUN_ID=37109229729 LATENCY_MS=5123 BYTES=595700 IN_SHA=4D691FD76C520BEC... OUT_SHA=60FBB6036003F51C... STATUS=SUCCESS
