
Elf file type is DYN (Shared object file)
Entry point 0x0
There are 9 program headers, starting at offset 64

Program Headers:
  Type           Offset   VirtAddr           PhysAddr           FileSiz  MemSiz   Flg Align
  PHDR           0x000040 0x0000000000000040 0x0000000000000040 0x0001f8 0x0001f8 R   0x8
  LOAD           0x000000 0x0000000000000000 0x0000000000000000 0x1b50c0 0x1b50c0 R E 0x4000
  LOAD           0x1b50c0 0x00000000001b90c0 0x00000000001b90c0 0x00d218 0x00df40 RW  0x4000
  LOAD           0x1c22d8 0x00000000001ca2d8 0x00000000001ca2d8 0x0030e0 0x00d8b0 RW  0x4000
  DYNAMIC        0x1c1198 0x00000000001c5198 0x00000000001c5198 0x000230 0x000230 RW  0x8
  GNU_RELRO      0x1b50c0 0x00000000001b90c0 0x00000000001b90c0 0x00d218 0x00df40 R   0x1
  GNU_EH_FRAME   0x097618 0x0000000000097618 0x0000000000097618 0x0059d4 0x0059d4 R   0x4
  GNU_STACK      0x000000 0x0000000000000000 0x0000000000000000 0x000000 0x000000 RW  0x0
  NOTE           0x000238 0x0000000000000238 0x0000000000000238 0x0000bc 0x0000bc R   0x4

 Section to Segment mapping:
  Segment Sections...
   00     
   01     .note.android.ident .note.gnu.build-id .dynsym .gnu.version .gnu.version_r .gnu.hash .hash .dynstr .rela.dyn .rela.plt .rodata .gcc_except_table .eh_frame_hdr .eh_frame .text .plt 
   02     .data.rel.ro .fini_array .init_array .dynamic .got .got.plt .relro_padding 
   03     .data .bss 
   04     .dynamic 
   05     .data.rel.ro .fini_array .init_array .dynamic .got .got.plt .relro_padding 
   06     .eh_frame_hdr 
   07     
   08     .note.android.ident .note.gnu.build-id 
   None   .shstrtab 
