2026-10-06T10:36:38.3964775+07:00

[SC] QueryServiceConfig SUCCESS

SERVICE_NAME: actions.runner.netvietsoft-AI-Studio-convert2.CONVERT2-WINDOWS-01
        TYPE               : 10  WIN32_OWN_PROCESS 
        START_TYPE         : 2   AUTO_START  (DELAYED)
        ERROR_CONTROL      : 1   NORMAL
        BINARY_PATH_NAME   : "C:\actions-runner\bin\RunnerService.exe"
        LOAD_ORDER_GROUP   : 
        TAG                : 0
        DISPLAY_NAME       : GitHub Actions Runner (netvietsoft-AI-Studio-convert2.CONVERT2-WINDOWS-01)
        DEPENDENCIES       : 
        SERVICE_START_NAME : NT AUTHORITY\NETWORK SERVICE

SERVICE_NAME: actions.runner.netvietsoft-AI-Studio-convert2.CONVERT2-WINDOWS-01 
        TYPE               : 10  WIN32_OWN_PROCESS  
        STATE              : 4  RUNNING 
                                (STOPPABLE, NOT_PAUSABLE, ACCEPTS_SHUTDOWN)
        WIN32_EXIT_CODE    : 0  (0x0)
        SERVICE_EXIT_CODE  : 0  (0x0)
        CHECKPOINT         : 0x0
        WAIT_HINT          : 0x0
        PID                : 31944
        FLAGS              : 
Name                                                               Status
----                                                               ------
actions.runner.netvietsoft-AI-Studio-convert2.CONVERT2-WINDOWS-01 Running
actions.runner.netvietsoft-AI-Studio-convert2.OSIN                Stopped
Runner.Listener                                                          
git.exe                                                                  
python.exe                                                               
node.exe                                                                 
agy.EXE                                                                  
adb.exe                                                                  



