2026-10-06T01:47:03.3805283Z Current runner version: '2.337.0'
2026-10-06T01:47:03.3813961Z Runner name: 'CONVERT2-WINDOWS-01'
2026-10-06T01:47:03.3814598Z Runner group name: 'Default'
2026-10-06T01:47:03.3815267Z Machine name: 'OSIN'
2026-10-06T01:47:03.3818785Z ##[group]GITHUB_TOKEN Permissions
2026-10-06T01:47:03.3821026Z Actions: write
2026-10-06T01:47:03.3821462Z Contents: write
2026-10-06T01:47:03.3822202Z Metadata: read
2026-10-06T01:47:03.3822686Z ##[endgroup]
2026-10-06T01:47:03.3825695Z Secret source: Actions
2026-10-06T01:47:03.3826431Z Cache mode: write
2026-10-06T01:47:03.3826978Z Prepare workflow directory
2026-10-06T01:47:03.5144710Z Prepare all required actions
2026-10-06T01:47:03.5201159Z Getting action download info
2026-10-06T01:47:04.8804265Z Download action repository 'actions/checkout@v4' (SHA:11d5960a326750d5838078e36cf38b85af677262)
2026-10-06T01:47:07.1661060Z Download action repository 'actions/upload-artifact@v4' (SHA:ea165f8d65b6e75b540449e92b4886f43607fa02)
2026-10-06T01:47:09.1781068Z Complete job name: execute-command
2026-10-06T01:47:09.3093025Z ##[group]Run actions/checkout@v4
2026-10-06T01:47:09.3093716Z with:
2026-10-06T01:47:09.3093955Z   fetch-depth: 0
2026-10-06T01:47:09.3094198Z   persist-credentials: true
2026-10-06T01:47:09.3094496Z   repository: netvietsoft/AI-Studio-convert2
2026-10-06T01:47:09.3096906Z   token: ***
2026-10-06T01:47:09.3097132Z   ssh-strict: true
2026-10-06T01:47:09.3097363Z   ssh-user: git
2026-10-06T01:47:09.3097612Z   clean: true
2026-10-06T01:47:09.3097859Z   sparse-checkout-cone-mode: true
2026-10-06T01:47:09.3098136Z   fetch-tags: false
2026-10-06T01:47:09.3098384Z   show-progress: true
2026-10-06T01:47:09.3098628Z   lfs: false
2026-10-06T01:47:09.3098837Z   submodules: false
2026-10-06T01:47:09.3099071Z   set-safe-directory: true
2026-10-06T01:47:09.3099343Z   allow-unsafe-pr-checkout: false
2026-10-06T01:47:09.3099852Z ##[endgroup]
2026-10-06T01:47:09.4412696Z Syncing repository: netvietsoft/AI-Studio-convert2
2026-10-06T01:47:09.4414142Z ##[group]Getting Git version info
2026-10-06T01:47:09.4414653Z Working directory is 'C:\actions-runner\convert2\AI-Studio-convert2\AI-Studio-convert2'
2026-10-06T01:47:09.4870284Z [command]D:\SetupC\Git\cmd\git.exe version
2026-10-06T01:47:09.6003441Z git version 2.54.0.windows.1
2026-10-06T01:47:09.6058599Z ##[endgroup]
2026-10-06T01:47:09.6078730Z Temporarily overriding HOME='C:\actions-runner\convert2\_temp\eb27a240-034f-42dd-b291-3b9631eb3d4a' before making global git config changes
2026-10-06T01:47:09.6079554Z Adding repository directory to the temporary git global config as a safe directory
2026-10-06T01:47:09.6088531Z [command]D:\SetupC\Git\cmd\git.exe config --global --add safe.directory C:\actions-runner\convert2\AI-Studio-convert2\AI-Studio-convert2
2026-10-06T01:47:09.6711707Z [command]D:\SetupC\Git\cmd\git.exe config --local --get remote.origin.url
2026-10-06T01:47:09.7279348Z https://github.com/netvietsoft/AI-Studio-convert2
2026-10-06T01:47:09.7348260Z ##[group]Removing previously created refs, to avoid conflicts
2026-10-06T01:47:09.7357682Z [command]D:\SetupC\Git\cmd\git.exe rev-parse --symbolic-full-name --verify --quiet HEAD
2026-10-06T01:47:09.7922800Z refs/heads/agent/TASK_060_RUNNER_DURABLE_ACK_TASK059_AUTO_RESUME_20261005T154500+0700
2026-10-06T01:47:09.7983744Z [command]D:\SetupC\Git\cmd\git.exe checkout --detach
2026-10-06T01:47:10.2729987Z HEAD is now at 1645c7f7b feat(TASK_060_RUNNER_DURABLE_ACK_AND_TASK059_AUTO_RESUME_CORRECTION_ACTIVE): autonomous task execution for TASK_060_RUNNER_DURABLE_ACK_TASK059_AUTO_RESUME_20261005T154500+0700
2026-10-06T01:47:10.2835795Z M	.ai/commands/index.json
2026-10-06T01:47:10.2836621Z D	.ai/commands/running/TASK_060_RUNNER_DURABLE_ACK_TASK059_AUTO_RESUME_20261005T154500+0700.json
2026-10-06T01:47:10.2837502Z M	.ai/state/tasks/TASK_060_RUNNER_DURABLE_ACK_AND_TASK059_AUTO_RESUME_CORRECTION_ACTIVE.json
2026-10-06T01:47:10.5191091Z ##[endgroup]
2026-10-06T01:47:10.5203363Z [command]D:\SetupC\Git\cmd\git.exe submodule status
2026-10-06T01:47:11.2908744Z ##[group]Cleaning the repository
2026-10-06T01:47:11.2928639Z [command]D:\SetupC\Git\cmd\git.exe clean -ffdx
2026-10-06T01:47:11.7281187Z Removing .ai/commands/.bus.lock
2026-10-06T01:47:11.7282605Z Removing .ai/commands/claimed/
2026-10-06T01:47:11.7300565Z Removing .ai/commands/failed/
2026-10-06T01:47:11.7303124Z Removing .ai/commands/history/TASK_060_RUNNER_DURABLE_ACK_TASK059_AUTO_RESUME_20261005T154500+0700.json
2026-10-06T01:47:11.7304185Z Removing .ai/commands/reserved/
2026-10-06T01:47:11.7323795Z Removing .ai/commands/running/
2026-10-06T01:47:11.7324414Z Removing .ai/runner/
2026-10-06T01:47:11.7326220Z Removing scripts/__pycache__/
2026-10-06T01:47:11.7351708Z Removing tests/__pycache__/
2026-10-06T01:47:11.7409692Z [command]D:\SetupC\Git\cmd\git.exe reset --hard HEAD
2026-10-06T01:47:18.5136782Z HEAD is now at 1645c7f7b feat(TASK_060_RUNNER_DURABLE_ACK_AND_TASK059_AUTO_RESUME_CORRECTION_ACTIVE): autonomous task execution for TASK_060_RUNNER_DURABLE_ACK_TASK059_AUTO_RESUME_20261005T154500+0700
2026-10-06T01:47:18.5231592Z ##[endgroup]
2026-10-06T01:47:18.5236005Z ##[group]Disabling automatic garbage collection
2026-10-06T01:47:18.5245580Z [command]D:\SetupC\Git\cmd\git.exe config --local gc.auto 0
2026-10-06T01:47:18.5882221Z ##[endgroup]
2026-10-06T01:47:18.5882571Z ##[group]Setting up auth
2026-10-06T01:47:18.5894619Z [command]D:\SetupC\Git\cmd\git.exe config --local --name-only --get-regexp core\.sshCommand
2026-10-06T01:47:18.6521082Z [command]D:\SetupC\Git\cmd\git.exe submodule foreach --recursive "sh -c \"git config --local --name-only --get-regexp 'core\.sshCommand' && git config --local --unset-all 'core.sshCommand' || :\""
2026-10-06T01:47:19.6112342Z [command]D:\SetupC\Git\cmd\git.exe config --local --name-only --get-regexp http\.https\:\/\/github\.com\/\.extraheader
2026-10-06T01:47:19.6830996Z [command]D:\SetupC\Git\cmd\git.exe submodule foreach --recursive "sh -c \"git config --local --name-only --get-regexp 'http\.https\:\/\/github\.com\/\.extraheader' && git config --local --unset-all 'http.https://github.com/.extraheader' || :\""
2026-10-06T01:47:20.5692491Z [command]D:\SetupC\Git\cmd\git.exe config --local --name-only --get-regexp ^includeIf\.gitdir:
2026-10-06T01:47:20.6132150Z [command]D:\SetupC\Git\cmd\git.exe submodule foreach --recursive "git config --local --show-origin --name-only --get-regexp remote.origin.url"
2026-10-06T01:47:21.4394308Z [command]D:\SetupC\Git\cmd\git.exe config --local http.https://github.com/.extraheader "AUTHORIZATION: basic ***"
2026-10-06T01:47:21.5257365Z ##[endgroup]
2026-10-06T01:47:21.5363618Z ##[group]Fetching the repository
2026-10-06T01:47:21.5364384Z [command]D:\SetupC\Git\cmd\git.exe -c protocol.version=2 fetch --prune --no-recurse-submodules origin +refs/heads/*:refs/remotes/origin/* +refs/tags/*:refs/tags/*
2026-10-06T01:47:23.3955451Z From https://github.com/netvietsoft/AI-Studio-convert2
2026-10-06T01:47:23.3955911Z    b55191fb7..de28eedd8  main       -> origin/main
2026-10-06T01:47:23.4555104Z [command]D:\SetupC\Git\cmd\git.exe branch --list --remote origin/main
2026-10-06T01:47:23.5133004Z   origin/main
2026-10-06T01:47:23.5196105Z [command]D:\SetupC\Git\cmd\git.exe rev-parse refs/remotes/origin/main
2026-10-06T01:47:23.5564018Z de28eedd8659898ae4604ce63ae3ec5cad2b79ab
2026-10-06T01:47:23.5608161Z ##[endgroup]
2026-10-06T01:47:23.5608499Z ##[group]Determining the checkout info
2026-10-06T01:47:23.5609615Z ##[endgroup]
2026-10-06T01:47:23.5618661Z [command]D:\SetupC\Git\cmd\git.exe sparse-checkout disable
2026-10-06T01:47:23.7147964Z [command]D:\SetupC\Git\cmd\git.exe config --local --unset-all extensions.worktreeConfig
2026-10-06T01:47:23.7814557Z ##[group]Checking out the ref
2026-10-06T01:47:23.7823866Z [command]D:\SetupC\Git\cmd\git.exe checkout --progress --force -B main refs/remotes/origin/main
2026-10-06T01:47:24.2859726Z Previous HEAD position was 1645c7f7b feat(TASK_060_RUNNER_DURABLE_ACK_AND_TASK059_AUTO_RESUME_CORRECTION_ACTIVE): autonomous task execution for TASK_060_RUNNER_DURABLE_ACK_TASK059_AUTO_RESUME_20261005T154500+0700
2026-10-06T01:47:24.3399778Z Switched to and reset branch 'main'
2026-10-06T01:47:24.3517738Z branch 'main' set up to track 'origin/main'.
2026-10-06T01:47:24.3518070Z Your branch is up to date with 'origin/main'.
2026-10-06T01:47:24.3655821Z ##[endgroup]
2026-10-06T01:47:24.4349852Z [command]D:\SetupC\Git\cmd\git.exe log -1 --format=%H
2026-10-06T01:47:24.4931207Z de28eedd8659898ae4604ce63ae3ec5cad2b79ab
2026-10-06T01:47:24.5374017Z ##[group]Run $ErrorActionPreference = "Stop"
2026-10-06T01:47:24.5374478Z $ErrorActionPreference = "Stop"
2026-10-06T01:47:24.5374770Z Write-Host "Runner identity: $(whoami)"
2026-10-06T01:47:24.5375113Z Write-Host "Runner LOCALAPPDATA: $env:LOCALAPPDATA"
2026-10-06T01:47:24.5375411Z 
2026-10-06T01:47:24.5375628Z $agyBin = Join-Path $env:LOCALAPPDATA "agy\bin"
2026-10-06T01:47:24.5375933Z $agyExe = Join-Path $agyBin "agy.exe"
2026-10-06T01:47:24.5376281Z $existing = Get-Command agy -ErrorAction SilentlyContinue
2026-10-06T01:47:24.5376616Z 
2026-10-06T01:47:24.5376776Z if ($existing) {
2026-10-06T01:47:24.5376984Z   $agyExe = $existing.Source
2026-10-06T01:47:24.5377245Z   $agyBin = Split-Path $agyExe -Parent
2026-10-06T01:47:24.5377587Z   Write-Host "Using AGY already visible to runner service."
2026-10-06T01:47:24.5378106Z } elseif (-not (Test-Path -LiteralPath $agyExe -ErrorAction SilentlyContinue)) {
2026-10-06T01:47:24.5378768Z   Write-Host "AGY is not installed for this service identity; installing from official Google Antigravity installer."
2026-10-06T01:47:24.5379400Z   $installer = Join-Path $env:RUNNER_TEMP "install-antigravity-cli.ps1"
2026-10-06T01:47:24.5380038Z   Invoke-WebRequest -UseBasicParsing -Uri "https://antigravity.google/cli/install.ps1" -OutFile $installer
2026-10-06T01:47:24.5380655Z   powershell.exe -NoProfile -ExecutionPolicy Bypass -File $installer
2026-10-06T01:47:24.5381218Z   if ($LASTEXITCODE -ne 0) { throw "Official AGY installer failed with exit code $LASTEXITCODE" }
2026-10-06T01:47:24.5381642Z }
2026-10-06T01:47:24.5381799Z 
2026-10-06T01:47:24.5382100Z if (-not (Test-Path -LiteralPath $agyExe -ErrorAction SilentlyContinue)) {
2026-10-06T01:47:24.5382580Z   throw "AGY bootstrap did not produce an executable at $agyExe"
2026-10-06T01:47:24.5382905Z }
2026-10-06T01:47:24.5383059Z 
2026-10-06T01:47:24.5383283Z Add-Content -Path $env:GITHUB_PATH -Value $agyBin
2026-10-06T01:47:24.5383585Z & $agyExe --version
2026-10-06T01:47:24.5383992Z if ($LASTEXITCODE -ne 0) { throw "AGY binary preflight failed with exit code $LASTEXITCODE" }
2026-10-06T01:47:24.5441721Z shell: C:\Windows\System32\WindowsPowerShell\v1.0\powershell.EXE -command ". '{0}'"
2026-10-06T01:47:24.5442120Z ##[endgroup]
2026-10-06T01:47:24.8325874Z Runner identity: nt authority\network service
2026-10-06T01:47:24.8349598Z Runner LOCALAPPDATA: C:\Windows\ServiceProfiles\NetworkService\AppData\Local
2026-10-06T01:47:25.0316086Z 1.2.17
2026-10-06T01:47:25.1120030Z ##[group]Run powershell.exe -NoProfile -ExecutionPolicy Bypass `
2026-10-06T01:47:25.1120578Z powershell.exe -NoProfile -ExecutionPolicy Bypass `
2026-10-06T01:47:25.1120979Z   -File ".\scripts\run_agent_from_github_command.ps1" `
2026-10-06T01:47:25.1121446Z   -RepoPath "C:\actions-runner\convert2\AI-Studio-convert2\AI-Studio-convert2" `
2026-10-06T01:47:25.1122002Z   -CommandId "TASK_060_RUNNER_DURABLE_ACK_TASK059_AUTO_RESUME_20261005T154500+0700" `
2026-10-06T01:47:25.1122475Z   -ReservationToken "ed8dc9fc85284436a2785da4c22561e4" `
2026-10-06T01:47:25.1122900Z   -ExecutionLane "infra-runner-durable-ack-task059-auto-resume"
2026-10-06T01:47:25.1182154Z shell: C:\Windows\System32\WindowsPowerShell\v1.0\powershell.EXE -command ". '{0}'"
2026-10-06T01:47:25.1182766Z env:
2026-10-06T01:47:25.1182939Z   GITHUB_RUN_ID: 37401017912
2026-10-06T01:47:25.1183177Z   GITHUB_SERVER_URL: https://github.com
2026-10-06T01:47:25.1183506Z   GITHUB_REPOSITORY: netvietsoft/AI-Studio-convert2
2026-10-06T01:47:25.1185911Z   GH_TOKEN: ***
2026-10-06T01:47:25.1186091Z ##[endgroup]
2026-10-06T01:47:25.7255549Z [2026-10-06 08:47:25] Resolved AGY executable: C:\Windows\ServiceProfiles\NetworkService\AppData\Local\agy\bin\agy.exe
2026-10-06T01:47:25.8601470Z [2026-10-06 08:47:25] AGY executable preflight passed: 1.2.17
2026-10-06T01:47:26.0402181Z [2026-10-06 08:47:26] Checking for legacy command migrations...
2026-10-06T01:47:26.1958218Z [2026-10-06 08:47:26] Checking for stale lease recoveries...
2026-10-06T01:47:26.3511570Z [2026-10-06 08:47:26] Explicit Command ID provided: TASK_060_RUNNER_DURABLE_ACK_TASK059_AUTO_RESUME_20261005T154500+0700 (Strict binding enforced)
2026-10-06T01:47:26.3553513Z [2026-10-06 08:47:26] Located command file in .ai\commands\reserved\TASK_060_RUNNER_DURABLE_ACK_TASK059_AUTO_RESUME_20261005T154500+0700.json
2026-10-06T01:47:26.3600149Z [2026-10-06 08:47:26] Selected Command ID: TASK_060_RUNNER_DURABLE_ACK_TASK059_AUTO_RESUME_20261005T154500+0700
2026-10-06T01:47:26.4188583Z [2026-10-06 08:47:26] Claiming command TASK_060_RUNNER_DURABLE_ACK_TASK059_AUTO_RESUME_20261005T154500+0700 for GITHUB_ACTIONS_37401017912...
2026-10-06T01:47:26.8243745Z [2026-10-06 08:47:26] Transitioning TASK_060_RUNNER_DURABLE_ACK_TASK059_AUTO_RESUME_20261005T154500+0700 to RUNNING (head=de28eedd8659898ae4604ce63ae3ec5cad2b79ab, run_id=37401017912)...
2026-10-06T01:47:27.0909348Z [2026-10-06 08:47:27] Persisting durable worker ACK to remote main before task execution...
2026-10-06T01:47:27.7471460Z [main 13e7d3909] chore(command-bus): durable worker ACK for TASK_060_RUNNER_DURABLE_ACK_TASK059_AUTO_RESUME_20261005T154500+0700 [run 37401017912]
2026-10-06T01:47:27.7472121Z  4 files changed, 351 insertions(+), 345 deletions(-)
2026-10-06T01:47:27.7472783Z  rename .ai/commands/{reserved => running}/TASK_060_RUNNER_DURABLE_ACK_TASK059_AUTO_RESUME_20261005T154500+0700.json (88%)
2026-10-06T01:47:29.3126407Z From https://github.com/netvietsoft/AI-Studio-convert2
2026-10-06T01:47:29.3126850Z  * branch                main       -> FETCH_HEAD
2026-10-06T01:47:29.6517567Z Current branch main is up to date.
2026-10-06T01:47:31.5656849Z To https://github.com/netvietsoft/AI-Studio-convert2
2026-10-06T01:47:31.5657213Z    de28eedd8..13e7d3909  HEAD -> main
2026-10-06T01:47:31.5842725Z [2026-10-06 08:47:31] Durable worker ACK is visible on remote main.
2026-10-06T01:47:31.5870520Z [2026-10-06 08:47:31] Setting up isolated task branch: agent/TASK_060_RUNNER_DURABLE_ACK_TASK059_AUTO_RESUME_20261005T154500+0700...
2026-10-06T01:47:32.0471149Z Switched to and reset branch 'agent/TASK_060_RUNNER_DURABLE_ACK_TASK059_AUTO_RESUME_20261005T154500+0700'
2026-10-06T01:47:32.0787486Z [2026-10-06 08:47:32] Launching agy for command_id=TASK_060_RUNNER_DURABLE_ACK_TASK059_AUTO_RESUME_20261005T154500+0700 task_id=TASK_060_RUNNER_DURABLE_ACK_AND_TASK059_AUTO_RESUME_CORRECTION_ACTIVE
2026-10-06T01:47:32.7493119Z Authentication required. Please visit the URL to log in:
2026-10-06T01:47:32.7495919Z   [REDACTED_AUTH_URL]
2026-10-06T01:47:32.7512293Z 
2026-10-06T01:47:32.7534220Z Waiting for authentication (timeout 60s)...
2026-10-06T01:47:32.7534699Z Or, paste the authorization code here and press Enter:
2026-10-06T01:48:32.7485608Z Error: authentication timed out.
2026-10-06T01:48:32.7486671Z error: authentication failed or timed out
2026-10-06T01:48:33.3643158Z [2026-10-06 08:48:33] Execution turn finished. ExitCode=1 HEAD=13e7d39094e577ec045ab1209f622b596baf885e on branch agent/TASK_060_RUNNER_DURABLE_ACK_TASK059_AUTO_RESUME_20261005T154500+0700
2026-10-06T01:48:33.3653955Z [2026-10-06 08:48:33] Pushing task branch agent/TASK_060_RUNNER_DURABLE_ACK_TASK059_AUTO_RESUME_20261005T154500+0700 to remote...
2026-10-06T01:48:34.5068736Z [agent/TASK_060_RUNNER_DURABLE_ACK_TASK059_AUTO_RESUME_20261005T154500+0700 5522a4f77] feat(TASK_060_RUNNER_DURABLE_ACK_AND_TASK059_AUTO_RESUME_CORRECTION_ACTIVE): autonomous task execution for TASK_060_RUNNER_DURABLE_ACK_TASK059_AUTO_RESUME_20261005T154500+0700
2026-10-06T01:48:36.5387023Z To https://github.com/netvietsoft/AI-Studio-convert2
2026-10-06T01:48:36.5388661Z  + 1645c7f7b...5522a4f77 agent/TASK_060_RUNNER_DURABLE_ACK_TASK059_AUTO_RESUME_20261005T154500+0700 -> agent/TASK_060_RUNNER_DURABLE_ACK_TASK059_AUTO_RESUME_20261005T154500+0700 (forced update)
2026-10-06T01:48:36.5865021Z [2026-10-06 08:48:36] Task branch agent/TASK_060_RUNNER_DURABLE_ACK_TASK059_AUTO_RESUME_20261005T154500+0700 pushed successfully.
2026-10-06T01:48:36.6120790Z [2026-10-06 08:48:36] Failing command TASK_060_RUNNER_DURABLE_ACK_TASK059_AUTO_RESUME_20261005T154500+0700 in orchestrator...
2026-10-06T01:48:37.3982053Z agy exited with code 1
2026-10-06T01:48:37.3982615Z At C:\actions-runner\convert2\AI-Studio-convert2\AI-Studio-convert2\scripts\run_agent_from_github_command.ps1:427 
2026-10-06T01:48:37.3983144Z char:9
2026-10-06T01:48:37.3983349Z +         throw "agy exited with code $rc"
2026-10-06T01:48:37.3983625Z +         ~~~~~~~~~~~~~~~~~~~~~~~~~~~~~~~~
2026-10-06T01:48:37.3984308Z     + CategoryInfo          : OperationStopped: (agy exited with code 1:String) [], RuntimeException
2026-10-06T01:48:37.3984821Z     + FullyQualifiedErrorId : agy exited with code 1
2026-10-06T01:48:37.3985127Z  
2026-10-06T01:48:37.4702992Z ##[error]Process completed with exit code 1.
2026-10-06T01:48:37.4921976Z ##[group]Run python -m unittest tests/test_command_bus_lifecycle_invariants.py
2026-10-06T01:48:37.4922551Z python -m unittest tests/test_command_bus_lifecycle_invariants.py
2026-10-06T01:48:37.4980977Z shell: C:\Windows\System32\WindowsPowerShell\v1.0\powershell.EXE -command ". '{0}'"
2026-10-06T01:48:37.4981410Z ##[endgroup]
2026-10-06T01:48:38.2918641Z ......
2026-10-06T01:48:38.2919221Z ----------------------------------------------------------------------
2026-10-06T01:48:38.2919620Z Ran 6 tests in 0.425s
2026-10-06T01:48:38.2919769Z 
2026-10-06T01:48:38.2919837Z OK
2026-10-06T01:48:38.3809564Z ##[group]Run actions/upload-artifact@v4
2026-10-06T01:48:38.3809896Z with:
2026-10-06T01:48:38.3810271Z   name: convert2-worker-TASK_060_RUNNER_DURABLE_ACK_TASK059_AUTO_RESUME_20261005T154500+0700-37401017912
2026-10-06T01:48:38.3810738Z   path: .ai/runner/
2026-10-06T01:48:38.3810927Z   if-no-files-found: ignore
2026-10-06T01:48:38.3811134Z   retention-days: 14
2026-10-06T01:48:38.3811328Z   compression-level: 6
2026-10-06T01:48:38.3811526Z   overwrite: false
2026-10-06T01:48:38.3811735Z   include-hidden-files: false
2026-10-06T01:48:38.3811953Z ##[endgroup]
2026-10-06T01:48:38.5757209Z (node:31652) [DEP0040] DeprecationWarning: The `punycode` module is deprecated. Please use a userland alternative instead.
2026-10-06T01:48:38.5757855Z (Use `node --trace-deprecation ...` to show where the warning was created)
2026-10-06T01:48:38.5819617Z With the provided path, there will be 2 files uploaded
2026-10-06T01:48:38.5824846Z Artifact name is valid!
2026-10-06T01:48:38.5828318Z Root directory input is valid!
2026-10-06T01:48:39.5558325Z Beginning upload of artifact content to blob storage
2026-10-06T01:48:39.5890694Z (node:31652) [DEP0169] DeprecationWarning: `url.parse()` behavior is not standardized and prone to errors that have security implications. Use the WHATWG URL API instead. CVEs are not issued for `url.parse()` vulnerabilities.
2026-10-06T01:48:41.0543116Z Uploaded bytes 1269
2026-10-06T01:48:41.3420542Z Finished uploading artifact content to blob storage!
2026-10-06T01:48:41.3424386Z SHA256 digest of uploaded artifact zip is bbe22a9f3e43058e71b126d54578ff16b644ee9492620de2cf99e179f4f80da2
2026-10-06T01:48:41.3460877Z Finalizing artifact upload
2026-10-06T01:48:41.8118430Z Artifact convert2-worker-TASK_060_RUNNER_DURABLE_ACK_TASK059_AUTO_RESUME_20261005T154500+0700-37401017912.zip successfully finalized. Artifact ID 11385222583
2026-10-06T01:48:41.8119727Z Artifact convert2-worker-TASK_060_RUNNER_DURABLE_ACK_TASK059_AUTO_RESUME_20261005T154500+0700-37401017912 has been successfully uploaded! Final size is 1269 bytes. Artifact ID is 11385222583
2026-10-06T01:48:41.8132925Z Artifact download URL: https://github.com/netvietsoft/AI-Studio-convert2/actions/runs/37401017912/artifacts/11385222583
2026-10-06T01:48:41.8588148Z Post job cleanup.
2026-10-06T01:48:42.0264548Z [command]D:\SetupC\Git\cmd\git.exe version
2026-10-06T01:48:42.0726368Z git version 2.54.0.windows.1
2026-10-06T01:48:42.0803311Z Temporarily overriding HOME='C:\actions-runner\convert2\_temp\63ed454c-fd86-4d56-af73-85c08a0d9450' before making global git config changes
2026-10-06T01:48:42.0804120Z Adding repository directory to the temporary git global config as a safe directory
2026-10-06T01:48:42.0814290Z [command]D:\SetupC\Git\cmd\git.exe config --global --add safe.directory C:\actions-runner\convert2\AI-Studio-convert2\AI-Studio-convert2
2026-10-06T01:48:42.1405230Z [command]D:\SetupC\Git\cmd\git.exe config --local --name-only --get-regexp core\.sshCommand
2026-10-06T01:48:42.1990487Z [command]D:\SetupC\Git\cmd\git.exe submodule foreach --recursive "sh -c \"git config --local --name-only --get-regexp 'core\.sshCommand' && git config --local --unset-all 'core.sshCommand' || :\""
2026-10-06T01:48:43.5251719Z [command]D:\SetupC\Git\cmd\git.exe config --local --name-only --get-regexp http\.https\:\/\/github\.com\/\.extraheader
2026-10-06T01:48:43.5620622Z http.https://github.com/.extraheader
2026-10-06T01:48:43.5675678Z [command]D:\SetupC\Git\cmd\git.exe config --local --unset-all http.https://github.com/.extraheader
2026-10-06T01:48:43.6100397Z [command]D:\SetupC\Git\cmd\git.exe submodule foreach --recursive "sh -c \"git config --local --name-only --get-regexp 'http\.https\:\/\/github\.com\/\.extraheader' && git config --local --unset-all 'http.https://github.com/.extraheader' || :\""
2026-10-06T01:48:44.4423554Z [command]D:\SetupC\Git\cmd\git.exe config --local --name-only --get-regexp ^includeIf\.gitdir:
2026-10-06T01:48:44.5308082Z [command]D:\SetupC\Git\cmd\git.exe submodule foreach --recursive "git config --local --show-origin --name-only --get-regexp remote.origin.url"
2026-10-06T01:48:45.4832350Z Cleaning up orphan processes
2026-10-06T01:48:45.5424651Z ##[warning]Node.js 20 is deprecated. The following actions target Node.js 20 but are being forced to run on Node.js 24: actions/checkout@v4, actions/upload-artifact@v4. For more information see: https://github.blog/changelog/2025-09-19-deprecation-of-node-20-on-github-actions-runners/

